========================================================================
INPUT SYNC — 输入同步一致性门 (流水线之前)
========================================================================

[DFT 组]  Dali_testmode.xlsx → 派生产物
  [OK  ] ① DFT↔meta       dali_tm_meta.json             meta._syncStamp.dftSha256 vs sha256(DFT)
  [OK  ] ② meta↔YAML      test_conditions.yaml          yaml._sync.metaSha256 vs sha256(meta)
  [OK  ] ③ YAML↔DFT       test_conditions.yaml          yaml._sync.dftSha256 vs sha256(DFT) (跨 meta 追溯一致性)

[SCH 组]  Dali-SCH.csv → 派生产物
  [OK  ] ③ csv(manifest)  validation_manifest.json.txt  manifest.input.sha256 vs sha256(csv)
  [OK  ] ③ map(产物)        SCH-Connect-Map.txt           manifest.artifacts.sch_connect_map_sha256 vs sha256(产物)
  [OK  ] ③ statistic(产物)  Component-Statistic.txt       manifest.artifacts.component_statistic_sha256 vs sha256(产物)

[RS 组]  t26 run-scope override → 派生产物
  [OK  ] RS-1 VBUS 移除     dali_tm_meta.json             TM601_LS_RDSON.capAuthority.powered_pins 不含 'VBUS'
  [OK  ] RS-2 mi_pins 修正  dali_tm_meta.json             TM600_HS_RDSON.mi_pins 含 'SW' 且 TM601_LS_RDSON.mi_pins 含 'PMID_SW' 与 'SW'
  [OK  ] RS-3 ATE 激励对齐    dali_tm_meta.json             TM600 vset == vbat 4.2 / pmid 15 / bst_sw 5 / vdrv 5; TM601 vset == vbat 4.2 / pmid 9 / vdrv 5; 两者均不含 vbus
  [OK  ] RS-4 yaml↔meta 戳 dali_tm_meta.json             test_conditions.yaml _sync.metaSha256 == sha256(dali_tm_meta.json) (MATCH)

------------------------------------------------------------------------
INPUT SYNC: **IN SYNC** — 输入与派生文件全部同版本, 无需修改任何产物。
            (可直接进 Step0/CBIT-Definition/生成循环; 跳过一切重生成)
------------------------------------------------------------------------

