=== ① 现有 4 行的四元组 ===
  行1 at=2026-09-17T00:09:39+08:00 size=33808 file=e064745d6c69 body=52233dd1e54d
  行2 at=2026-09-17T00:09:39+08:00 size=33808 file=e064745d6c69 body=52233dd1e54d
  行3 at=2026-09-17T00:09:41+08:00 size=33808 file=7fff5807f94f body=52233dd1e54d
  行4 at=2026-09-17T00:09:41+08:00 size=33808 file=7fff5807f94f body=52233dd1e54d
  行5 at=2026-09-17T00:17:12+08:00 size=33808 file=1d59d4408f92 body=52233dd1e54d
  行6 at=2026-09-17T00:17:12+08:00 size=33808 file=1d59d4408f92 body=52233dd1e54d
  行7 at=2026-09-17T00:21:58+08:00 size=33808 file=d7871300b940 body=52233dd1e54d
  行8 at=2026-09-17T00:21:58+08:00 size=33808 file=d7871300b940 body=52233dd1e54d
  行9 at=2026-09-17T00:21:59+08:00 size=33808 file=2bb936678a92 body=52233dd1e54d
  行10 at=2026-09-17T00:22:00+08:00 size=33808 file=cab014d85fe6 body=52233dd1e54d
  行11 at=2026-09-17T00:24:44+08:00 size=33808 file=2926ee1ac17d body=52233dd1e54d
  行12 at=2026-09-17T00:24:44+08:00 size=33808 file=2926ee1ac17d body=52233dd1e54d
  行13 at=2026-09-17T00:26:42+08:00 size=33808 file=576943f96ff0 body=52233dd1e54d
  行14 at=2026-09-17T00:26:42+08:00 size=33808 file=576943f96ff0 body=52233dd1e54d
  不同状态数 = 8 ｜ 行数 = 14
  重复组 = 6 （每组次数 = [2, 2, 2, 2, 2, 2] ）

=== ② 判定 (a) 同秒两次 还是 (b) 每次多写一行 ===
  跑一次前 14 行 → 跑一次后 15 行 ⇒ 本次新增 **1 行**
  ⇒ 判定 = (a) 每次运行只写 1 行 ⇒ 原 4 行 = 同秒内真跑了两次（合法）
  末行 = {'at': '2026-09-17T00:46:11+08:00', 'size': 33808, 'sha256': '2ebe28a3fb769066fd95bc', 'reproducibleBodySha256': '52233dd1e54d9e046677ea'}

=== ③ 给链加"计数单位"声明 ===
  已加入 countUnitNote → 42672 B

=== ④ 记录"投影"实例证据（schematic-expert 提议）===
  （at, 整文件sha12, bodySha12）最近 4 条：
     ('2026-09-17T00:24:44+08:00', '2926ee1ac17d', '52233dd1e54d')
     ('2026-09-17T00:26:42+08:00', '576943f96ff0', '52233dd1e54d')
     ('2026-09-17T00:26:42+08:00', '576943f96ff0', '52233dd1e54d')
     ('2026-09-17T00:46:11+08:00', '2ebe28a3fb76', '52233dd1e54d')
  不同 body 哈希 = 1 ｜ 不同整文件 sha = 9 ⇒ **内容未变、仅被投影排除的部分变** ⇒ 投影价值实证
