基线(存量红) 已加载: cbit
================ run_gates 汇总 ================
  id               门禁                       状态         exit  秒
  material-audit   材料门 规则自检                 GREEN      0     0.38
  material         材料门 主门                   GREEN      0     0.40
  material-status  材料状态索引 漂移                GREEN      0     0.86
  awg              AWG/Toggle 3参数 E005      GREEN      0     0.60
  meta             meta 全覆盖门                GREEN      0     2.80
  smoke            单函数冒烟                    GREEN      0     0.72
  input-sync       输入同步门                    GREEN      0     0.48
  relay-trace      继电器反向检查 E                GREEN      0     0.34
  merge            合并纪律                     GREEN      0     0.37
  bst-sw           BST-SW 黄金约束              NEW-RED    1     0.39
  cbit             CBIT 定义校验                KNOWN-RED  1     1.11
  path-def         通路定义校验                   GREEN      0     0.32
*** 新增红 1 个（阻塞）***
  [bst-sw] BST-SW 黄金约束  exit=1
      - TM600_HS_RDSON: 契约声明必需的继电器 K110 **未出现在 cbite.SetOn 中** (契约来源: aliasResolution[bst2sw].closedRelayNumbers (usedByTm lists TM600) | 契约侧 locator: pinRouteTable[BST][列2: FPVIe → PIN (BUS继电器) | CH0 Low] L42; pinRouteTable[BST][列2: FPVIe → PIN (BUS继电器) | CH1 Low] L268; relaySet; payload locator: test.cpp:9081; 该函数实际闭合=['K126_V1P5_CAP', 'K13_VBAT_Cap', 'K57_CAP_BST_SW', 'K60_BUSL0_VCP', 'K61_ACM8_SW', 'K83_BUSH0_PMID', 'K85_CAP_PMID'])
      日志: team\artifacts\acceptance-20260916-dali10\gate-logs-t33\bst-sw.log
存量红（已知, 不阻塞）: cbit
---------------- 增量编译（Release）----------------
  编译目录: D:/PROJECT6-DALI/ForCodexDebug/source

>>> Step 0: 编译前保存 VS 文档
  WARN: 未连接运行中的 VS, 跳过自动保存 (若 VS 有未保存修改请先 Ctrl+S)

>>> Step 1: 解析工程路径
  OK: 解决方案: D:\PROJECT6-DALI\ForCodexDebug\source\F12011.sln
  OK: MSBuild: C:\Program Files (x86)\MSBuild\12.0\Bin\MSBuild.exe
  OK: PlatformToolset: v120

>>> 构建 [Release]  target=Build  platform=Win32
  ERROR: Release FAILED (exit=1, errors=1)
  C:\Program Files (x86)\MSBuild\Microsoft.Cpp\v4.0\V120\Microsoft.CppBuild.targets(308,5): error MSB3491: 未能向文件“.\Release\F12011.tlog\F12011.lastbuildstate”写入命令行。对路径“D:\PROJECT6-DALI\ForCodexDebug\source\Release\F12011.tlog\F12011.lastbuildstate”的访问被拒绝。 [D:\PROJECT6-DALI\ForCodexDebug\source\F12011.vcxproj]
  ERROR: 构建失败, 总耗时 2.7s
  编译(Release): FAILED (exit=1)
  编译器日志: team\artifacts\acceptance-20260916-dali10\gate-logs-t33\build.log
日志目录: team/artifacts/acceptance-20260916-dali10/gate-logs-t33
